../Core/Src/main.c:63:6:stepper_set_rpm	16	static
../Core/Src/main.c:68:6:stepper_full_drive	16	static
../Core/Src/main.c:102:6:stepper_control	32	static
../Core/Src/main.c:119:6:HAL_ADC_ConvCpltCallback	16	static
../Core/Src/main.c:144:5:main	8	static
../Core/Src/main.c:201:6:SystemClock_Config	88	static
../Core/Src/main.c:248:13:MX_ADC1_Init	24	static
../Core/Src/main.c:295:13:MX_ADC2_Init	24	static
../Core/Src/main.c:342:13:MX_GPIO_Init	40	static
../Core/Src/main.c:406:6:Error_Handler	4	static,ignoring_inline_asm
